
> my-personal-website@1.0.0 test:run
> vitest run


[7m[1m[36m RUN [39m[22m[27m [36mv1.6.1[39m [90mE:/work/AI/MyPersonalWebsite[39m

 [32m✓[39m tests/performance/performance-baseline.test.ts [2m ([22m[2m19 tests[22m[2m)[22m[90m 8[2mms[22m[39m
 [32m✓[39m tests/unit/security/csp.spec.ts [2m ([22m[2m13 tests[22m[2m)[22m[90m 8[2mms[22m[39m
 [32m✓[39m tests/performance/performance.spec.ts [2m ([22m[2m15 tests[22m[2m)[22m[90m 13[2mms[22m[39m
 [32m✓[39m tests/unit/utils/markdown.spec.ts [2m ([22m[2m47 tests[22m[2m)[22m[90m 57[2mms[22m[39m
 [33m❯[39m tests/unit/themeStore.spec.ts [2m ([22m[2m20 tests[22m [2m|[22m [31m10 failed[39m[2m)[22m[90m 64[2mms[22m[39m
[31m   [33m❯[31m tests/unit/themeStore.spec.ts[2m > [22museThemeStore[2m > [22m初始化[2m > [22m应该使用默认主题配置初始化[39m
[31m     → expected undefined to be false // Object.is equality[39m
[31m   [33m❯[31m tests/unit/themeStore.spec.ts[2m > [22museThemeStore[2m > [22m初始化[2m > [22m应该从 localStorage 加载保存的偏好[39m
[31m     → expected 'professional-minimal' to be 'liquid-glass' // Object.is equality[39m
[31m   [33m❯[31m tests/unit/themeStore.spec.ts[2m > [22museThemeStore[2m > [22m初始化[2m > [22m应该能够初始化 store[39m
[31m     → expected 'professional-minimal' to be 'liquid-glass' // Object.is equality[39m
[31m   [33m❯[31m tests/unit/themeStore.spec.ts[2m > [22museThemeStore[2m > [22m主题切换[2m > [22m应该能够切换主题[39m
[31m     → expected 'professional-minimal' to be 'liquid-glass' // Object.is equality[39m
[31m   [33m❯[31m tests/unit/themeStore.spec.ts[2m > [22museThemeStore[2m > [22m调色板面板控制[2m > [22m应该能够打开调色板面板[39m
[31m     → store.openPalette is not a function[39m
[31m   [33m❯[31m tests/unit/themeStore.spec.ts[2m > [22museThemeStore[2m > [22m调色板面板控制[2m > [22m应该能够关闭调色板面板[39m
[31m     → store.openPalette is not a function[39m
[31m   [33m❯[31m tests/unit/themeStore.spec.ts[2m > [22museThemeStore[2m > [22m调色板面板控制[2m > [22m应该能够切换调色板面板[39m
[31m     → store.togglePalette is not a function[39m
[31m   [33m❯[31m tests/unit/themeStore.spec.ts[2m > [22museThemeStore[2m > [22m重置为默认[2m > [22m应该能够重置为默认配置[39m
[31m     → store.openPalette is not a function[39m
[31m   [33m❯[31m tests/unit/themeStore.spec.ts[2m > [22museThemeStore[2m > [22m主题应用[2m > [22m应该应用字体变量[39m
[31m     → expected "spy" to be called with arguments: [ '--font-heading', Any<String> ]

Received: 

  1st spy call:

  Array [
-   "--font-heading",
-   Any<String>,
+   "--primary-color",
+   "#6366F1",
  ]

  2nd spy call:

  Array [
-   "--font-heading",
-   Any<String>,
+   "--secondary-color",
+   "#8B5CF6",
  ]

  3rd spy call:

  Array [
-   "--font-heading",
-   Any<String>,
+   "--accent-color",
+   "#4A90E2",
  ]

  4th spy call:

  Array [
-   "--font-heading",
-   Any<String>,
+   "--background-primary",
+   "#0F172A",
  ]

  5th spy call:

  Array [
-   "--font-heading",
-   Any<String>,
+   "--background-secondary",
+   "#1E293B",
  ]

  6th spy call:

  Array [
-   "--font-heading",
-   Any<String>,
+   "--background-tertiary",
+   "#0F172A",
  ]

  7th spy call:

  Array [
-   "--font-heading",
-   Any<String>,
+   "--background-card",
+   "#1E293B",
  ]

  8th spy call:

  Array [
-   "--font-heading",
-   Any<String>,
+   "--text-primary",
+   "#FFFFFF",
  ]

  9th spy call:

  Array [
-   "--font-heading",
-   Any<String>,
+   "--text-secondary",
+   "#94A3B8",
  ]

  10th spy call:

  Array [
-   "--font-heading",
-   Any<String>,
+   "--text-tertiary",
+   "#64748B",
  ]

  11th spy call:

  Array [
-   "--font-heading",
-   Any<String>,
+   "--border-color",
+   "rgba(255, 255, 255, 0.08)",
  ]

  12th spy call:

  Array [
-   "--font-heading",
-   Any<String>,
+   "--border-color-light",
+   "rgba(255, 255, 255, 0.12)",
  ]

  13th spy call:

  Array [
-   "--font-heading",
-   Any<String>,
+   "--border-color-dark",
+   "rgba(255, 255, 255, 0.04)",
  ]

  14th spy call:

  Array [
-   "--font-heading",
-   Any<String>,
+   "--font-display",
+   "Inter, -apple-system, BlinkMacSystemFont, \"Segoe UI\", Roboto, sans-serif",
  ]

  15th spy call:

  Array [
-   "--font-heading",
-   Any<String>,
+   "--font-body",
+   "Inter, -apple-system, BlinkMacSystemFont, \"Segoe UI\", Roboto, sans-serif",
  ]

  16th spy call:

  Array [
-   "--font-heading",
-   Any<String>,
+   "--font-mono",
+   "\"JetBrains Mono\", \"Fira Code\", Consolas, Monaco, monospace",
  ]


Number of calls: 16
[39m
[31m   [33m❯[31m tests/unit/themeStore.spec.ts[2m > [22museThemeStore[2m > [22m计算属性[2m > [22m应该返回所有可用的主题[39m
[31m     → expected undefined to be an instance of Array[39m
 [32m✓[39m tests/unit/components/blog/TableOfContents.spec.ts [2m ([22m[2m19 tests[22m[2m)[22m[90m 114[2mms[22m[39m
 [32m✓[39m tests/unit/components/blog/RelatedPosts.spec.ts [2m ([22m[2m15 tests[22m[2m)[22m[90m 132[2mms[22m[39m
 [32m✓[39m tests/unit/components/contact/SocialLinks.spec.ts [2m ([22m[2m16 tests[22m[2m)[22m[90m 70[2mms[22m[39m
 [32m✓[39m tests/unit/components/BlogList.spec.ts [2m ([22m[2m21 tests[22m[2m)[22m[90m 120[2mms[22m[39m
 [32m✓[39m tests/unit/components/blog/PostNavigation.spec.ts [2m ([22m[2m20 tests[22m[2m)[22m[90m 118[2mms[22m[39m
 [33m❯[39m tests/unit/components/blog/CodeBlock.spec.ts [2m ([22m[2m24 tests[22m [2m|[22m [31m4 failed[39m[2m)[22m[90m 172[2mms[22m[39m
[31m   [33m❯[31m tests/unit/components/blog/CodeBlock.spec.ts[2m > [22mCodeBlock[2m > [22m复制功能[2m > [22mshould show copied state after successful copy[39m
[31m     → expected 'plaintext复制const hello = "world";' to contain '已复制'[39m
[31m   [33m❯[31m tests/unit/components/blog/CodeBlock.spec.ts[2m > [22mCodeBlock[2m > [22m复制功能[2m > [22mshould reset copied state after 2 seconds[39m
[31m     → expected 'plaintext复制const hello = "world";' to contain '已复制'[39m
[31m   [33m❯[31m tests/unit/components/blog/CodeBlock.spec.ts[2m > [22mCodeBlock[2m > [22m复制功能[2m > [22mshould disable copy button while copied[39m
[31m     → expected undefined not to be undefined[39m
[31m   [33m❯[31m tests/unit/components/blog/CodeBlock.spec.ts[2m > [22mCodeBlock[2m > [22m可访问性[2m > [22mshould update aria-label after successful copy[39m
[31m     → expected '复制代码' to be '已复制' // Object.is equality[39m
 [32m✓[39m tests/unit/security/security.spec.ts [2m ([22m[2m16 tests[22m[2m)[22m[90m 8[2mms[22m[39m
 [33m❯[39m tests/unit/components/blog/BlogDetail.spec.ts [2m ([22m[2m28 tests[22m [2m|[22m [31m3 failed[39m[2m)[22m[33m 406[2mms[22m[39m
[31m   [33m❯[31m tests/unit/components/blog/BlogDetail.spec.ts[2m > [22mBlogDetail[2m > [22m渲染文章元信息[2m > [22mshould render article tags[39m
[31m     → expected +0 to be 3 // Object.is equality[39m
[31m   [33m❯[31m tests/unit/components/blog/BlogDetail.spec.ts[2m > [22mBlogDetail[2m > [22m标签点击[2m > [22mshould emit tag click event when tag is clicked[39m
[31m     → Cannot read properties of undefined (reading 'trigger')[39m
[31m   [33m❯[31m tests/unit/components/blog/BlogDetail.spec.ts[2m > [22mBlogDetail[2m > [22m标签点击[2m > [22mshould handle keyboard navigation on tags[39m
[31m     → Cannot read properties of undefined (reading 'trigger')[39m
 [33m❯[39m tests/unit/components/projects/ProjectCard.spec.ts [2m ([22m[2m16 tests[22m [2m|[22m [31m5 failed[39m[2m)[22m[90m 106[2mms[22m[39m
[31m   [33m❯[31m tests/unit/components/projects/ProjectCard.spec.ts[2m > [22mProjectCard[2m > [22m渲染[2m > [22mshould render tech stack tags[39m
[31m     → expected +0 to be 3 // Object.is equality[39m
[31m   [33m❯[31m tests/unit/components/projects/ProjectCard.spec.ts[2m > [22mProjectCard[2m > [22m渲染[2m > [22mshould render demo link when demoUrl is provided[39m
[31m     → expected +0 to be 2 // Object.is equality[39m
[31m   [33m❯[31m tests/unit/components/projects/ProjectCard.spec.ts[2m > [22mProjectCard[2m > [22m渲染[2m > [22mshould render github link when githubUrl is provided[39m
[31m     → expected +0 to be 2 // Object.is equality[39m
[31m   [33m❯[31m tests/unit/components/projects/ProjectCard.spec.ts[2m > [22mProjectCard[2m > [22m交互[2m > [22mshould not emit click event when link is clicked[39m
[31m     → Cannot call trigger on an empty DOMWrapper.[39m
[31m   [33m❯[31m tests/unit/components/projects/ProjectCard.spec.ts[2m > [22mProjectCard[2m > [22m边界情况[2m > [22mshould handle project with single tech stack[39m
[31m     → expected +0 to be 1 // Object.is equality[39m
 [32m✓[39m tests/unit/stores/useBlogStore.spec.ts [2m ([22m[2m23 tests[22m[2m)[22m[33m 751[2mms[22m[39m
 [32m✓[39m tests/unit/stores/useProjectStore.spec.ts [2m ([22m[2m14 tests[22m[2m)[22m[33m 747[2mms[22m[39m
 [33m❯[39m tests/unit/components/projects/TechStackFilter.spec.ts [2m ([22m[2m13 tests[22m [2m|[22m [31m1 failed[39m[2m)[22m[90m 95[2mms[22m[39m
[31m   [33m❯[31m tests/unit/components/projects/TechStackFilter.spec.ts[2m > [22mTechStackFilter[2m > [22m状态[2m > [22mshould highlight active category button[39m
[31m     → the given combination of arguments (undefined and string) is invalid for this assertion. You can use an array, a map, an object, a set, a string, or a weakset instead of a string[39m
 [32m✓[39m tests/unit/security/xss.spec.ts [2m ([22m[2m10 tests[22m[2m)[22m[90m 10[2mms[22m[39m
 [33m❯[39m tests/unit/components/BlogCard.spec.ts [2m ([22m[2m13 tests[22m [2m|[22m [31m4 failed[39m[2m)[22m[90m 110[2mms[22m[39m
[31m   [33m❯[31m tests/unit/components/BlogCard.spec.ts[2m > [22mBlogCard[2m > [22mshould render post tags[39m
[31m     → expected +0 to be 4 // Object.is equality[39m
[31m   [33m❯[31m tests/unit/components/BlogCard.spec.ts[2m > [22mBlogCard[2m > [22mshould emit tag-click event when tag is clicked[39m
[31m     → Cannot read properties of undefined (reading 'trigger')[39m
[31m   [33m❯[31m tests/unit/components/BlogCard.spec.ts[2m > [22mBlogCard[2m > [22mshould emit category-click event when category is clicked[39m
[31m     → Cannot read properties of undefined (reading 'trigger')[39m
[31m   [33m❯[31m tests/unit/components/BlogCard.spec.ts[2m > [22mBlogCard[2m > [22mshould not show tags when showTags is false[39m
[31m     → expected +0 to be 1 // Object.is equality[39m
 [32m✓[39m tests/unit/components/contact/ContactInfoDisplay.spec.ts [2m ([22m[2m13 tests[22m[2m)[22m[90m 93[2mms[22m[39m
 [32m✓[39m tests/unit/components/about/WorkExperience.spec.ts [2m ([22m[2m14 tests[22m[2m)[22m[90m 86[2mms[22m[39m
 [32m✓[39m tests/unit/components/about/PersonalInfo.spec.ts [2m ([22m[2m13 tests[22m[2m)[22m[90m 87[2mms[22m[39m
 [32m✓[39m tests/unit/components/Pagination.spec.ts [2m ([22m[2m12 tests[22m[2m)[22m[90m 103[2mms[22m[39m
 [32m✓[39m tests/unit/views/Contact.spec.ts [2m ([22m[2m13 tests[22m[2m)[22m[90m 104[2mms[22m[39m
 [33m❯[39m tests/unit/components/about/Education.spec.ts [2m ([22m[2m13 tests[22m [2m|[22m [31m9 failed[39m[2m)[22m[90m 71[2mms[22m[39m
[31m   [33m❯[31m tests/unit/components/about/Education.spec.ts[2m > [22mEducation.vue[2m > [22mshould render education items[39m
[31m     → expected 1 to be 2 // Object.is equality[39m
[31m   [33m❯[31m tests/unit/components/about/Education.spec.ts[2m > [22mEducation.vue[2m > [22mshould render school name[39m
[31m     → expected '湖南工业职业技术学院' to be '某大学' // Object.is equality[39m
[31m   [33m❯[31m tests/unit/components/about/Education.spec.ts[2m > [22mEducation.vue[2m > [22mshould render degree[39m
[31m     → expected '大专' to be '本科' // Object.is equality[39m
[31m   [33m❯[31m tests/unit/components/about/Education.spec.ts[2m > [22mEducation.vue[2m > [22mshould render major[39m
[31m     → expected '财务软件' to be '计算机科学与技术' // Object.is equality[39m
[31m   [33m❯[31m tests/unit/components/about/Education.spec.ts[2m > [22mEducation.vue[2m > [22mshould render date[39m
[31m     → expected '2013年9月 - 2016年6月' to contain '2017年6月'[39m
[31m   [33m❯[31m tests/unit/components/about/Education.spec.ts[2m > [22mEducation.vue[2m > [22mshould render description[39m
[31m     → expected '系统学习财务软件专业知识和计算机基础技能，获得大专学历。' to contain '系统学习计算机基础知识'[39m
[31m   [33m❯[31m tests/unit/components/about/Education.spec.ts[2m > [22mEducation.vue[2m > [22mshould render gpa[39m
[31m     → expected false to be true // Object.is equality[39m
[31m   [33m❯[31m tests/unit/components/about/Education.spec.ts[2m > [22mEducation.vue[2m > [22mshould render achievements list[39m
[31m     → expected '顺利完成学业，获得大专学历' to contain '获得校级奖学金'[39m
[31m   [33m❯[31m tests/unit/components/about/Education.spec.ts[2m > [22mEducation.vue[2m > [22mshould format date correctly[39m
[31m     → expected '2013年9月 - 2016年6月' to be '2013年9月 - 2017年6月' // Object.is equality[39m
 [33m❯[39m tests/unit/components/about/Skills.spec.ts [2m ([22m[2m13 tests[22m [2m|[22m [31m13 failed[39m[2m)[22m[90m 196[2mms[22m[39m
[31m   [33m❯[31m tests/unit/components/about/Skills.spec.ts[2m > [22mSkills.vue[2m > [22mshould render the component[39m
[31m     → expected false to be true // Object.is equality[39m
[31m   [33m❯[31m tests/unit/components/about/Skills.spec.ts[2m > [22mSkills.vue[2m > [22mshould render title[39m
[31m     → Cannot call text on an empty DOMWrapper.[39m
[31m   [33m❯[31m tests/unit/components/about/Skills.spec.ts[2m > [22mSkills.vue[2m > [22mshould render skill categories[39m
[31m     → expected 0 to be greater than 0[39m
[31m   [33m❯[31m tests/unit/components/about/Skills.spec.ts[2m > [22mSkills.vue[2m > [22mshould render skill items[39m
[31m     → expected +0 to be 10 // Object.is equality[39m
[31m   [33m❯[31m tests/unit/components/about/Skills.spec.ts[2m > [22mSkills.vue[2m > [22mshould render skill name[39m
[31m     → Cannot call find on an empty DOMWrapper.[39m
[31m   [33m❯[31m tests/unit/components/about/Skills.spec.ts[2m > [22mSkills.vue[2m > [22mshould render skill level badge[39m
[31m     → Cannot call find on an empty DOMWrapper.[39m
[31m   [33m❯[31m tests/unit/components/about/Skills.spec.ts[2m > [22mSkills.vue[2m > [22mshould render skill progress bar[39m
[31m     → Cannot call find on an empty DOMWrapper.[39m
[31m   [33m❯[31m tests/unit/components/about/Skills.spec.ts[2m > [22mSkills.vue[2m > [22mshould render skill level text[39m
[31m     → Cannot call find on an empty DOMWrapper.[39m
[31m   [33m❯[31m tests/unit/components/about/Skills.spec.ts[2m > [22mSkills.vue[2m > [22mshould render skill description[39m
[31m     → Cannot call find on an empty DOMWrapper.[39m
[31m   [33m❯[31m tests/unit/components/about/Skills.spec.ts[2m > [22mSkills.vue[2m > [22mshould render years of experience[39m
[31m     → Cannot call find on an empty DOMWrapper.[39m
[31m   [33m❯[31m tests/unit/components/about/Skills.spec.ts[2m > [22mSkills.vue[2m > [22mshould render related projects[39m
[31m     → Cannot call find on an empty DOMWrapper.[39m
[31m   [33m❯[31m tests/unit/components/about/Skills.spec.ts[2m > [22mSkills.vue[2m > [22mshould group skills by category[39m
[31m     → expected 0 to be greater than 0[39m
[31m   [33m❯[31m tests/unit/components/about/Skills.spec.ts[2m > [22mSkills.vue[2m > [22mshould color code skill levels[39m
[31m     → Cannot call find on an empty DOMWrapper.[39m
 [33m❯[39m tests/unit/TechStack.spec.ts [2m ([22m[2m9 tests[22m [2m|[22m [31m1 failed[39m[2m)[22m[90m 180[2mms[22m[39m
[31m   [33m❯[31m tests/unit/TechStack.spec.ts[2m > [22mTechStack Component[2m > [22m应该使用 CSS 变量进行样式控制[39m
[31m     → expected '' to contain 'linear-gradient'[39m
 [32m✓[39m tests/unit/components/projects/ProjectList.spec.ts [2m ([22m[2m9 tests[22m[2m)[22m[90m 91[2mms[22m[39m
[90mstdout[2m | tests/unit/components/projects/ProjectList.spec.ts[2m > [22m[2mProjectList[2m > [22m[2m交互[2m > [22m[2mshould handle project card click event[22m[39m
Project clicked: 1

 [32m✓[39m tests/unit/example.spec.ts [2m ([22m[2m3 tests[22m[2m)[22m[90m 3[2mms[22m[39m
 [32m✓[39m tests/unit/views/About.spec.ts [2m ([22m[2m6 tests[22m[2m)[22m[90m 65[2mms[22m[39m
 [33m❯[39m tests/unit/views/Projects.spec.ts [2m ([22m[2m11 tests[22m [2m|[22m [31m8 failed[39m[2m)[22m[33m 304[2mms[22m[39m
[31m   [33m❯[31m tests/unit/views/Projects.spec.ts[2m > [22mProjects[2m > [22m渲染[2m > [22mshould render projects page[39m
[31m     → expected false to be true // Object.is equality[39m
[31m   [33m❯[31m tests/unit/views/Projects.spec.ts[2m > [22mProjects[2m > [22m渲染[2m > [22mshould render hero section[39m
[31m     → expected false to be true // Object.is equality[39m
[31m   [33m❯[31m tests/unit/views/Projects.spec.ts[2m > [22mProjects[2m > [22m渲染[2m > [22mshould render page title[39m
[31m     → expected false to be true // Object.is equality[39m
[31m   [33m❯[31m tests/unit/views/Projects.spec.ts[2m > [22mProjects[2m > [22m渲染[2m > [22mshould render page description[39m
[31m     → expected false to be true // Object.is equality[39m
[31m   [33m❯[31m tests/unit/views/Projects.spec.ts[2m > [22mProjects[2m > [22m渲染[2m > [22mshould render filter section[39m
[31m     → expected false to be true // Object.is equality[39m
[31m   [33m❯[31m tests/unit/views/Projects.spec.ts[2m > [22mProjects[2m > [22m渲染[2m > [22mshould render projects section[39m
[31m     → expected false to be true // Object.is equality[39m
[31m   [33m❯[31m tests/unit/views/Projects.spec.ts[2m > [22mProjects[2m > [22m响应式布局[2m > [22mshould have correct layout structure[39m
[31m     → expected false to be true // Object.is equality[39m
[31m   [33m❯[31m tests/unit/views/Projects.spec.ts[2m > [22mProjects[2m > [22m边界情况[2m > [22mshould handle empty project list[39m
[31m     → expected false to be true // Object.is equality[39m
 [32m✓[39m tests/unit/components/contact/ContactForm.spec.ts [2m ([22m[2m16 tests[22m[2m)[22m[33m 4954[2mms[22m[39m
 [32m✓[39m tests/unit/views/ProjectDetail.spec.ts [2m ([22m[2m4 tests[22m[2m)[22m[33m 2969[2mms[22m[39m
 [32m✓[39m tests/unit/components/projects/ProjectDetail.spec.ts [2m ([22m[2m19 tests[22m[2m)[22m[33m 12779[2mms[22m[39m

node.exe : [31m⎯⎯⎯⎯⎯⎯[1m[7m Failed Tests 58 [27m[22m⎯⎯⎯⎯⎯⎯⎯[39m
At E:\.nvmd\versions\24.0.1\npm.ps1:29 char:3
+   & $NODE_EXE $NPM_CLI_JS $args
+   ~~~~~~~~~~~~~~~~~~~~~~~~~~~~~
    + CategoryInfo          : NotSpecified: ([31m⎯⎯⎯⎯⎯⎯[1m...22m⎯⎯⎯⎯⎯⎯⎯[39m:String) [], RemoteExceptio 
   n
    + FullyQualifiedErrorId : NativeCommandError
 

[31m[1m[7m FAIL [27m[22m[39m tests/unit/TechStack.spec.ts[2m > [22mTechStack Component[2m > [22m
应该使用 CSS 变量进行样式控制
[31m[1mAssertionError[22m: expected '' to contain 'linear-gradient'[39m

- Expected
+ Received

- linear-gradient

[36m [2m❯[22m tests/unit/TechStack.spec.ts:[2m101:41[22m[39m
    [90m 99| [39m  [34mit[39m([32m'应该使用 CSS 变量进行样式控制'[39m[33m,[39m () [33m=>[39m {
    [90m100| [39m    [35mconst[39m section [33m=[39m wrapper[33m.[39m[34mfind[39m([32m'section'
[39m)
    [90m101| [39m    [34mexpect[39m(section[33m.[39m[34mattributes[39m([32m'style'[39m))[33m.[
39m[34mtoContain[39m([32m'linear-gradient'[39m)
    [90m   | [39m                                        [31m^[39m
    [90m102| [39m
    [90m103| [39m    [35mconst[39m card [33m=[39m wrapper[33m.[39m[34mfind[39m([32m'.tech-card'
[39m)

[31m[2m⎯⎯⎯⎯⎯⎯⎯⎯⎯⎯⎯⎯⎯⎯⎯⎯⎯⎯⎯⎯⎯⎯⎯[1/58]⎯[22m[39m

[31m[1m[7m FAIL [27m[22m[39m tests/unit/themeStore.spec.ts[2m > [22museThemeStore[2m > [22m初始化[
2m > [22m应该使用默认主题配置初始化
[31m[1mAssertionError[22m: expected undefined to be false // Object.is equality[39m

- Expected: 
false

+ Received: 
undefined

[36m [2m❯[22m tests/unit/themeStore.spec.ts:[2m64:35[22m[39m
    [90m 62| [39m      [34mexpect[39m(store[33m.[39mstate[33m.[39mcurrentTheme)[33m.[39m[34mtoB
e[39m([32m'professional-minimal'[39m)
    [90m 63| [39m      [34mexpect[39m(store[33m.[39misDark)[33m.[39m[34mtoBe[39m([35mfalse[39m
)
    [90m 64| [39m      [34mexpect[39m(store[33m.[39misPaletteOpen)[33m.[39m[34mtoBe[39m([35mfal
se[39m)
    [90m   | [39m                                  [31m^[39m
    [90m 65| [39m      [34mexpect[39m(store[33m.[39minitialized)[33m.[39m[34mtoBe[39m([35mfalse
[39m)
    [90m 66| [39m    })

[31m[2m⎯⎯⎯⎯⎯⎯⎯⎯⎯⎯⎯⎯⎯⎯⎯⎯⎯⎯⎯⎯⎯⎯⎯[2/58]⎯[22m[39m

[31m[1m[7m FAIL [27m[22m[39m tests/unit/themeStore.spec.ts[2m > [22museThemeStore[2m > [22m初始化[
2m > [22m应该从 localStorage 加载保存的偏好
[31m[1mAssertionError[22m: expected 'professional-minimal' to be 'liquid-glass' // Object.is equality[
39m

- Expected
+ Received

- liquid-glass
+ professional-minimal

[36m [2m❯[22m tests/unit/themeStore.spec.ts:[2m80:40[22m[39m
    [90m 78| [39m      store[33m.[39m[34mloadPreferences[39m()
    [90m 79| [39m
    [90m 80| [39m      [34mexpect[39m(store[33m.[39mstate[33m.[39mcurrentTheme)[33m.[39m[34mtoB
e[39m([32m'liquid-glass'[39m)
    [90m   | [39m                                       [31m^[39m
    [90m 81| [39m      [34mexpect[39m(store[33m.[39misDark)[33m.[39m[34mtoBe[39m([35mtrue[39m)
    [90m 82| [39m      [34mexpect[39m(store[33m.[39misPaletteOpen)[33m.[39m[34mtoBe[39m([35mtru
e[39m)

[31m[2m⎯⎯⎯⎯⎯⎯⎯⎯⎯⎯⎯⎯⎯⎯⎯⎯⎯⎯⎯⎯⎯⎯⎯[3/58]⎯[22m[39m

[31m[1m[7m FAIL [27m[22m[39m tests/unit/themeStore.spec.ts[2m > [22museThemeStore[2m > [22m初始化[
2m > [22m应该能够初始化 store
[31m[1mAssertionError[22m: expected 'professional-minimal' to be 'liquid-glass' // Object.is equality[
39m

- Expected
+ Received

- liquid-glass
+ professional-minimal

[36m [2m❯[22m tests/unit/themeStore.spec.ts:[2m97:40[22m[39m
    [90m 95| [39m      store[33m.[39m[34minitialize[39m()
    [90m 96| [39m
    [90m 97| [39m      [34mexpect[39m(store[33m.[39mstate[33m.[39mcurrentTheme)[33m.[39m[34mtoB
e[39m([32m'liquid-glass'[39m)
    [90m   | [39m                                       [31m^[39m
    [90m 98| [39m      [34mexpect[39m(store[33m.[39misDark)[33m.[39m[34mtoBe[39m([35mtrue[39m)
    [90m 99| [39m      [34mexpect[39m(store[33m.[39misPaletteOpen)[33m.[39m[34mtoBe[39m([35mtru
e[39m)

[31m[2m⎯⎯⎯⎯⎯⎯⎯⎯⎯⎯⎯⎯⎯⎯⎯⎯⎯⎯⎯⎯⎯⎯⎯[4/58]⎯[22m[39m

[31m[1m[7m FAIL [27m[22m[39m tests/unit/themeStore.spec.ts[2m > [22museThemeStore[2m > [22m主题切换
[2m > [22m应该能够切换主题
[31m[1mAssertionError[22m: expected 'professional-minimal' to be 'liquid-glass' // Object.is equality[
39m

- Expected
+ Received

- liquid-glass
+ professional-minimal

[36m [2m❯[22m tests/unit/themeStore.spec.ts:[2m119:40[22m[39m
    [90m117| [39m      store[33m.[39m[34msetTheme[39m([32m'liquid-glass'[39m)
    [90m118| [39m
    [90m119| [39m      [34mexpect[39m(store[33m.[39mstate[33m.[39mcurrentTheme)[33m.[39m[34mtoB
e[39m([32m'liquid-glass'[39m)
    [90m   | [39m                                       [31m^[39m
    [90m120| [39m      [34mexpect[39m(mockLocalStorage[33m.[39msetItem)[33m.[39m[34mtoHaveBeenCal
ledWith[39m(
    [90m121| [39m        [32m'theme-state'[39m[33m,[39m

[31m[2m⎯⎯⎯⎯⎯⎯⎯⎯⎯⎯⎯⎯⎯⎯⎯⎯⎯⎯⎯⎯⎯⎯⎯[5/58]⎯[22m[39m

[31m[1m[7m FAIL [27m[22m[39m tests/unit/themeStore.spec.ts[2m > [22museThemeStore[2m > [22m调色板面板
控制[2m > [22m应该能够打开调色板面板
[31m[1mTypeError[22m: store.openPalette is not a function[39m
[36m [2m❯[22m tests/unit/themeStore.spec.ts:[2m163:13[22m[39m
    [90m161| [39m      [35mconst[39m store [33m=[39m [34museThemeStore[39m()
    [90m162| [39m
    [90m163| [39m      store[33m.[39m[34mopenPalette[39m()
    [90m   | [39m            [31m^[39m
    [90m164| [39m
    [90m165| [39m      [34mexpect[39m(store[33m.[39misPaletteOpen)[33m.[39m[34mtoBe[39m([35mtru
e[39m)

[31m[2m⎯⎯⎯⎯⎯⎯⎯⎯⎯⎯⎯⎯⎯⎯⎯⎯⎯⎯⎯⎯⎯⎯⎯[6/58]⎯[22m[39m

[31m[1m[7m FAIL [27m[22m[39m tests/unit/themeStore.spec.ts[2m > [22museThemeStore[2m > [22m调色板面板
控制[2m > [22m应该能够关闭调色板面板
[31m[1mTypeError[22m: store.openPalette is not a function[39m
[36m [2m❯[22m tests/unit/themeStore.spec.ts:[2m170:13[22m[39m
    [90m168| [39m    [34mit[39m([32m'应该能够关闭调色板面板'[39m[33m,[39m () [33m=>[39m {
    [90m169| [39m      [35mconst[39m store [33m=[39m [34museThemeStore[39m()
    [90m170| [39m      store[33m.[39m[34mopenPalette[39m() [90m// 先打开[39m
    [90m   | [39m            [31m^[39m
    [90m171| [39m
    [90m172| [39m      store[33m.[39m[34mclosePalette[39m() [90m// 再关闭[39m

[31m[2m⎯⎯⎯⎯⎯⎯⎯⎯⎯⎯⎯⎯⎯⎯⎯⎯⎯⎯⎯⎯⎯⎯⎯[7/58]⎯[22m[39m

[31m[1m[7m FAIL [27m[22m[39m tests/unit/themeStore.spec.ts[2m > [22museThemeStore[2m > [22m调色板面板
控制[2m > [22m应该能够切换调色板面板
[31m[1mTypeError[22m: store.togglePalette is not a function[39m
[36m [2m❯[22m tests/unit/themeStore.spec.ts:[2m180:13[22m[39m
    [90m178| [39m      [35mconst[39m store [33m=[39m [34museThemeStore[39m()
    [90m179| [39m
    [90m180| [39m      store[33m.[39m[34mtogglePalette[39m()
    [90m   | [39m            [31m^[39m
    [90m181| [39m
    [90m182| [39m      [34mexpect[39m(store[33m.[39misPaletteOpen)[33m.[39m[34mtoBe[39m([35mtru
e[39m)

[31m[2m⎯⎯⎯⎯⎯⎯⎯⎯⎯⎯⎯⎯⎯⎯⎯⎯⎯⎯⎯⎯⎯⎯⎯[8/58]⎯[22m[39m

[31m[1m[7m FAIL [27m[22m[39m tests/unit/themeStore.spec.ts[2m > [22museThemeStore[2m > [22m重置为默认
[2m > [22m应该能够重置为默认配置
[31m[1mTypeError[22m: store.openPalette is not a function[39m
[36m [2m❯[22m tests/unit/themeStore.spec.ts:[2m197:13[22m[39m
    [90m195| [39m      store[33m.[39m[34msetTheme[39m([32m'liquid-glass'[39m)
    [90m196| [39m      store[33m.[39m[34mtoggleDarkMode[39m()
    [90m197| [39m      store[33m.[39m[34mopenPalette[39m()
    [90m   | [39m            [31m^[39m
    [90m198| [39m
    [90m199| [39m      [90m// 重置[39m

[31m[2m⎯⎯⎯⎯⎯⎯⎯⎯⎯⎯⎯⎯⎯⎯⎯⎯⎯⎯⎯⎯⎯⎯⎯[9/58]⎯[22m[39m

[31m[1m[7m FAIL [27m[22m[39m tests/unit/themeStore.spec.ts[2m > [22museThemeStore[2m > [22m主题应用
[2m > [22m应该应用字体变量
[31m[1mAssertionError[22m: expected "spy" to be called with arguments: [ '--font-heading', Any<String> 
]

Received: 

  1st spy call:

  Array [
-   "--font-heading",
-   Any<String>,
+   "--primary-color",
+   "#6366F1",
  ]

  2nd spy call:

  Array [
-   "--font-heading",
-   Any<String>,
+   "--secondary-color",
+   "#8B5CF6",
  ]

  3rd spy call:

  Array [
-   "--font-heading",
-   Any<String>,
+   "--accent-color",
+   "#4A90E2",
  ]

  4th spy call:

  Array [
-   "--font-heading",
-   Any<String>,
+   "--background-primary",
+   "#0F172A",
  ]

  5th spy call:

  Array [
-   "--font-heading",
-   Any<String>,
+   "--background-secondary",
+   "#1E293B",
  ]

  6th spy call:

  Array [
-   "--font-heading",
-   Any<String>,
+   "--background-tertiary",
+   "#0F172A",
  ]

  7th spy call:

  Array [
-   "--font-heading",
-   Any<String>,
+   "--background-card",
+   "#1E293B",
  ]

  8th spy call:

  Array [
-   "--font-heading",
-   Any<String>,
+   "--text-primary",
+   "#FFFFFF",
  ]

  9th spy call:

  Array [
-   "--font-heading",
-   Any<String>,
+   "--text-secondary",
+   "#94A3B8",
  ]

  10th spy call:

  Array [
-   "--font-heading",
-   Any<String>,
+   "--text-tertiary",
+   "#64748B",
  ]

  11th spy call:

  Array [
-   "--font-heading",
-   Any<String>,
+   "--border-color",
+   "rgba(255, 255, 255, 0.08)",
  ]

  12th spy call:

  Array [
-   "--font-heading",
-   Any<String>,
+   "--border-color-light",
+   "rgba(255, 255, 255, 0.12)",
  ]

  13th spy call:

  Array [
-   "--font-heading",
-   Any<String>,
+   "--border-color-dark",
+   "rgba(255, 255, 255, 0.04)",
  ]

  14th spy call:

  Array [
-   "--font-heading",
-   Any<String>,
+   "--font-display",
+   "Inter, -apple-system, BlinkMacSystemFont, \"Segoe UI\", Roboto, sans-serif",
  ]

  15th spy call:

  Array [
-   "--font-heading",
-   Any<String>,
+   "--font-body",
+   "Inter, -apple-system, BlinkMacSystemFont, \"Segoe UI\", Roboto, sans-serif",
  ]

  16th spy call:

  Array [
-   "--font-heading",
-   Any<String>,
+   "--font-mono",
+   "\"JetBrains Mono\", \"Fira Code\", Consolas, Monaco, monospace",
  ]


Number of calls: 16
[39m
[36m [2m❯[22m tests/unit/themeStore.spec.ts:[2m240:62[22m[39m
    [90m238| [39m      store[33m.[39m[34mapplyTheme[39m()
    [90m239| [39m
    [90m240| [39m      [34mexpect[39m(mockDocument[33m.[39mdocumentElement[33m.[39mstyle[33m.[39
msetProperty)[33m.[39m[34mtoHaveBee[39m…
    [90m   | [39m                                                             [31m^[39m
    [90m241| [39m        [32m'--font-heading'[39m[33m,[39m
    [90m242| [39m        expect[33m.[39m[34many[39m([33mString[39m)

[31m[2m⎯⎯⎯⎯⎯⎯⎯⎯⎯⎯⎯⎯⎯⎯⎯⎯⎯⎯⎯⎯⎯⎯[10/58]⎯[22m[39m

[31m[1m[7m FAIL [27m[22m[39m tests/unit/themeStore.spec.ts[2m > [22museThemeStore[2m > [22m计算属性
[2m > [22m应该返回所有可用的主题
[31m[1mAssertionError[22m: expected undefined to be an instance of Array[39m
[36m [2m❯[22m tests/unit/themeStore.spec.ts:[2m262:37[22m[39m
    [90m260| [39m      [35mconst[39m store [33m=[39m [34museThemeStore[39m()
    [90m261| [39m
    [90m262| [39m      [34mexpect[39m(store[33m.[39mavailableThemes)[33m.[39m[34mtoBeInstanceOf[
39m([33mArray[39m)
    [90m   | [39m                                    [31m^[39m
    [90m263| [39m      [34mexpect[39m(store[33m.[39mavailableThemes[33m.[39mlength)[33m.[39m[34
mtoBeGreaterThan[39m([34m0[39m)
    [90m264| [39m    })

[31m[2m⎯⎯⎯⎯⎯⎯⎯⎯⎯⎯⎯⎯⎯⎯⎯⎯⎯⎯⎯⎯⎯⎯[11/58]⎯[22m[39m

[31m[1m[7m FAIL [27m[22m[39m tests/unit/components/BlogCard.spec.ts[2m > [22mBlogCard[2m > [22ms
hould render post tags
[31m[1mAssertionError[22m: expected +0 to be 4 // Object.is equality[39m

- Expected
+ Received

- 4
+ 0

[36m [2m❯[22m tests/unit/components/BlogCard.spec.ts:[2m53:28[22m[39m
    [90m 51| [39m    [90m// 组件中有 1 个分类按钮 + 3 个标签按钮 = 4 个按钮[39m
    [90m 52| [39m    [35mconst[39m buttons [33m=[39m wrapper[33m.[39m[34mfindAll[39m([32m'butto
n'[39m)
    [90m 53| [39m    [34mexpect[39m(buttons[33m.[39mlength)[33m.[39m[34mtoBe[39m([34m4[39m)
    [90m   | [39m                           [31m^[39m
    [90m 54| [39m
    [90m 55| [39m    [90m// 第一个按钮是分类按钮[39m

[31m[2m⎯⎯⎯⎯⎯⎯⎯⎯⎯⎯⎯⎯⎯⎯⎯⎯⎯⎯⎯⎯⎯⎯[12/58]⎯[22m[39m

[31m[1m[7m FAIL [27m[22m[39m tests/unit/components/BlogCard.spec.ts[2m > [22mBlogCard[2m > [22ms
hould emit tag-click event when tag is clicked
[31m[1mTypeError[22m: Cannot read properties of undefined (reading 'trigger')[39m
[36m [2m❯[22m tests/unit/components/BlogCard.spec.ts:[2m82:22[22m[39m
    [90m 80| [39m    [35mconst[39m buttons [33m=[39m wrapper[33m.[39m[34mfindAll[39m([32m'butto
n'[39m)
    [90m 81| [39m    [90m// buttons[0] 是分类按钮，buttons[1] 是第一个标签按钮[39m
    [90m 82| [39m    [35mawait[39m buttons[[34m1[39m][33m.[39m[34mtrigger[39m([32m'click'[39m)
    [90m   | [39m                     [31m^[39m
    [90m 83| [39m
    [90m 84| [39m    [34mexpect[39m(wrapper[33m.[39m[34memitted[39m([32m'tag-click'[39m))[33m.
[39m[34mtoBeTruthy[39m()

[31m[2m⎯⎯⎯⎯⎯⎯⎯⎯⎯⎯⎯⎯⎯⎯⎯⎯⎯⎯⎯⎯⎯⎯[13/58]⎯[22m[39m

[31m[1m[7m FAIL [27m[22m[39m tests/unit/components/BlogCard.spec.ts[2m > [22mBlogCard[2m > [22ms
hould emit category-click event when category is clicked
[31m[1mTypeError[22m: Cannot read properties of undefined (reading 'trigger')[39m
[36m [2m❯[22m tests/unit/components/BlogCard.spec.ts:[2m95:22[22m[39m
    [90m 93| [39m    [35mconst[39m buttons [33m=[39m wrapper[33m.[39m[34mfindAll[39m([32m'butto
n'[39m)
    [90m 94| [39m    [90m// buttons[0] 是分类按钮[39m
    [90m 95| [39m    [35mawait[39m buttons[[34m0[39m][33m.[39m[34mtrigger[39m([32m'click'[39m)
    [90m   | [39m                     [31m^[39m
    [90m 96| [39m
    [90m 97| [39m    [34mexpect[39m(wrapper[33m.[39m[34memitted[39m([32m'category-click'[39m))[
33m.[39m[34mtoBeTruthy[39m()

[31m[2m⎯⎯⎯⎯⎯⎯⎯⎯⎯⎯⎯⎯⎯⎯⎯⎯⎯⎯⎯⎯⎯⎯[14/58]⎯[22m[39m

[31m[1m[7m FAIL [27m[22m[39m tests/unit/components/BlogCard.spec.ts[2m > [22mBlogCard[2m > [22ms
hould not show tags when showTags is false
[31m[1mAssertionError[22m: expected +0 to be 1 // Object.is equality[39m

- Expected
+ Received

- 1
+ 0

[36m [2m❯[22m tests/unit/components/BlogCard.spec.ts:[2m127:28[22m[39m
    [90m125| [39m    [90m// 当 showTags=false 时，标签区域不显示，但分类按钮仍然显示[39m
    [90m126| [39m    [35mconst[39m buttons [33m=[39m wrapper[33m.[39m[34mfindAll[39m([32m'butto
n'[39m)
    [90m127| [39m    [34mexpect[39m(buttons[33m.[39mlength)[33m.[39m[34mtoBe[39m([34m1[39m)
    [90m   | [39m                           [31m^[39m
    [90m128| [39m    [90m// 唯一的按钮是分类按钮[39m
    [90m129| [39m    [34mexpect[39m(buttons[[34m0[39m][33m.[39m[34mtext[39m())[33m.[39m[34mto
Be[39m(mockPost[33m.[39mcategory)

[31m[2m⎯⎯⎯⎯⎯⎯⎯⎯⎯⎯⎯⎯⎯⎯⎯⎯⎯⎯⎯⎯⎯⎯[15/58]⎯[22m[39m

[31m[1m[7m FAIL [27m[22m[39m tests/unit/views/Projects.spec.ts[2m > [22mProjects[2m > [22m渲染[2m
 > [22mshould render projects page
[31m[1mAssertionError[22m: expected false to be true // Object.is equality[39m

- Expected
+ Received

- true
+ false

[36m [2m❯[22m tests/unit/views/Projects.spec.ts:[2m15:56[22m[39m
    [90m 13| [39m      [35mconst[39m wrapper [33m=[39m [34mmount[39m([33mProjects[39m)
    [90m 14| [39m
    [90m 15| [39m      [34mexpect[39m(wrapper[33m.[39m[34mfind[39m([32m'.portfolio-page'[39m)[3
3m.[39m[34mexists[39m())[33m.[39m[34mtoBe[39m([35mtrue[39m)
    [90m   | [39m                                                       [31m^[39m
    [90m 16| [39m    })
    [90m 17| [39m

[31m[2m⎯⎯⎯⎯⎯⎯⎯⎯⎯⎯⎯⎯⎯⎯⎯⎯⎯⎯⎯⎯⎯⎯[16/58]⎯[22m[39m

[31m[1m[7m FAIL [27m[22m[39m tests/unit/views/Projects.spec.ts[2m > [22mProjects[2m > [22m渲染[2m
 > [22mshould render hero section
[31m[1mAssertionError[22m: expected false to be true // Object.is equality[39m

- Expected
+ Received

- true
+ false

[36m [2m❯[22m tests/unit/views/Projects.spec.ts:[2m21:62[22m[39m
    [90m 19| [39m      [35mconst[39m wrapper [33m=[39m [34mmount[39m([33mProjects[39m)
    [90m 20| [39m
    [90m 21| [39m      [34mexpect[39m(wrapper[33m.[39m[34mfind[39m([32m'.portfolio-page__hero'[3
9m)[33m.[39m[34mexists[39m())[33m.[39m[34mtoBe[39m([35mtrue[39m)
    [90m   | [39m                                                             [31m^[39m
    [90m 22| [39m    })
    [90m 23| [39m

[31m[2m⎯⎯⎯⎯⎯⎯⎯⎯⎯⎯⎯⎯⎯⎯⎯⎯⎯⎯⎯⎯⎯⎯[17/58]⎯[22m[39m

[31m[1m[7m FAIL [27m[22m[39m tests/unit/views/Projects.spec.ts[2m > [22mProjects[2m > [22m渲染[2m
 > [22mshould render page title
[31m[1mAssertionError[22m: expected false to be true // Object.is equality[39m

- Expected
+ Received

- true
+ false

[36m [2m❯[22m tests/unit/views/Projects.spec.ts:[2m27:63[22m[39m
    [90m 25| [39m      [35mconst[39m wrapper [33m=[39m [34mmount[39m([33mProjects[39m)
    [90m 26| [39m
    [90m 27| [39m      [34mexpect[39m(wrapper[33m.[39m[34mfind[39m([32m'.portfolio-page__title'[
39m)[33m.[39m[34mexists[39m())[33m.[39m[34mtoBe[39m([35mtru[39m…
    [90m   | [39m                                                              [31m^[39m
    [90m 28| [39m      [34mexpect[39m(wrapper[33m.[39m[34mfind[39m([32m'.portfolio-page__title'[
39m)[33m.[39m[34mtext[39m())[33m.[39m[34mtoBe[39m([32m'项目[39m…
    [90m 29| [39m    })

[31m[2m⎯⎯⎯⎯⎯⎯⎯⎯⎯⎯⎯⎯⎯⎯⎯⎯⎯⎯⎯⎯⎯⎯[18/58]⎯[22m[39m

[31m[1m[7m FAIL [27m[22m[39m tests/unit/views/Projects.spec.ts[2m > [22mProjects[2m > [22m渲染[2m
 > [22mshould render page description
[31m[1mAssertionError[22m: expected false to be true // Object.is equality[39m

- Expected
+ Received

- true
+ false

[36m [2m❯[22m tests/unit/views/Projects.spec.ts:[2m34:69[22m[39m
    [90m 32| [39m      [35mconst[39m wrapper [33m=[39m [34mmount[39m([33mProjects[39m)
    [90m 33| [39m
    [90m 34| [39m      [34mexpect[39m(wrapper[33m.[39m[34mfind[39m([32m'.portfolio-page__descript
ion'[39m)[33m.[39m[34mexists[39m())[33m.[39m[34mto[39m…
    [90m   | [39m                                                                    [31m^[39m
    [90m 35| [39m      [34mexpect[39m(wrapper[33m.[39m[34mfind[39m([32m'.portfolio-page__descript
ion'[39m)[33m.[39m[34mtext[39m())[33m.[39m[34mtoCo[39m…
    [90m 36| [39m    })

[31m[2m⎯⎯⎯⎯⎯⎯⎯⎯⎯⎯⎯⎯⎯⎯⎯⎯⎯⎯⎯⎯⎯⎯[19/58]⎯[22m[39m

[31m[1m[7m FAIL [27m[22m[39m tests/unit/views/Projects.spec.ts[2m > [22mProjects[2m > [22m渲染[2m
 > [22mshould render filter section
[31m[1mAssertionError[22m: expected false to be true // Object.is equality[39m

- Expected
+ Received

- true
+ false

[36m [2m❯[22m tests/unit/views/Projects.spec.ts:[2m41:64[22m[39m
    [90m 39| [39m      [35mconst[39m wrapper [33m=[39m [34mmount[39m([33mProjects[39m)
    [90m 40| [39m
    [90m 41| [39m      [34mexpect[39m(wrapper[33m.[39m[34mfind[39m([32m'.portfolio-page__filter'
[39m)[33m.[39m[34mexists[39m())[33m.[39m[34mtoBe[39m([35mtr[39m…
    [90m   | [39m                                                               [31m^[39m
    [90m 42| [39m    })
    [90m 43| [39m

[31m[2m⎯⎯⎯⎯⎯⎯⎯⎯⎯⎯⎯⎯⎯⎯⎯⎯⎯⎯⎯⎯⎯⎯[20/58]⎯[22m[39m

[31m[1m[7m FAIL [27m[22m[39m tests/unit/views/Projects.spec.ts[2m > [22mProjects[2m > [22m渲染[2m
 > [22mshould render projects section
[31m[1mAssertionError[22m: expected false to be true // Object.is equality[39m

- Expected
+ Received

- true
+ false

[36m [2m❯[22m tests/unit/views/Projects.spec.ts:[2m47:66[22m[39m
    [90m 45| [39m      [35mconst[39m wrapper [33m=[39m [34mmount[39m([33mProjects[39m)
    [90m 46| [39m
    [90m 47| [39m      [34mexpect[39m(wrapper[33m.[39m[34mfind[39m([32m'.portfolio-page__projects
'[39m)[33m.[39m[34mexists[39m())[33m.[39m[34mtoBe[39m(…
    [90m   | [39m                                                                 [31m^[39m
    [90m 48| [39m    })
    [90m 49| [39m

[31m[2m⎯⎯⎯⎯⎯⎯⎯⎯⎯⎯⎯⎯⎯⎯⎯⎯⎯⎯⎯⎯⎯⎯[21/58]⎯[22m[39m

[31m[1m[7m FAIL [27m[22m[39m tests/unit/views/Projects.spec.ts[2m > [22mProjects[2m > [22m响应式布局
[2m > [22mshould have correct layout structure
[31m[1mAssertionError[22m: expected false to be true // Object.is equality[39m

- Expected
+ Received

- true
+ false

[36m [2m❯[22m tests/unit/views/Projects.spec.ts:[2m71:29[22m[39m
    [90m 69| [39m      [35mconst[39m projects [33m=[39m wrapper[33m.[39m[34mfind[39m([32m'.port
folio-page__projects'[39m)
    [90m 70| [39m
    [90m 71| [39m      [34mexpect[39m(hero[33m.[39m[34mexists[39m())[33m.[39m[34mtoBe[39m([35
mtrue[39m)
    [90m   | [39m                            [31m^[39m
    [90m 72| [39m      [34mexpect[39m(filter[33m.[39m[34mexists[39m())[33m.[39m[34mtoBe[39m([
35mtrue[39m)
    [90m 73| [39m      [34mexpect[39m(projects[33m.[39m[34mexists[39m())[33m.[39m[34mtoBe[39m(
[35mtrue[39m)

[31m[2m⎯⎯⎯⎯⎯⎯⎯⎯⎯⎯⎯⎯⎯⎯⎯⎯⎯⎯⎯⎯⎯⎯[22/58]⎯[22m[39m

[31m[1m[7m FAIL [27m[22m[39m tests/unit/views/Projects.spec.ts[2m > [22mProjects[2m > [22m边界情况[
2m > [22mshould handle empty project list
[31m[1mAssertionError[22m: expected false to be true // Object.is equality[39m

- Expected
+ Received

- true
+ false

[36m [2m❯[22m tests/unit/views/Projects.spec.ts:[2m100:56[22m[39m
    [90m 98| [39m
    [90m 99| [39m      [90m// 验证页面仍然渲染[39m
    [90m100| [39m      [34mexpect[39m(wrapper[33m.[39m[34mfind[39m([32m'.portfolio-page'[39m)[3
3m.[39m[34mexists[39m())[33m.[39m[34mtoBe[39m([35mtrue[39m)
    [90m   | [39m                                                       [31m^[39m
    [90m101| [39m    })
    [90m102| [39m  })

[31m[2m⎯⎯⎯⎯⎯⎯⎯⎯⎯⎯⎯⎯⎯⎯⎯⎯⎯⎯⎯⎯⎯⎯[23/58]⎯[22m[39m

[31m[1m[7m FAIL [27m[22m[39m tests/unit/components/blog/BlogDetail.spec.ts[2m > [22mBlogDetail[2m
 > [22m渲染文章元信息[2m > [22mshould render article tags
[31m[1mAssertionError[22m: expected +0 to be 3 // Object.is equality[39m

- Expected
+ Received

- 3
+ 0

[36m [2m❯[22m tests/unit/components/blog/BlogDetail.spec.ts:[2m127:27[22m[39m
    [90m125| [39m
    [90m126| [39m      [35mconst[39m tags [33m=[39m wrapper[33m.[39m[34mfindAll[39m([32m'.blog-
detail__tag'[39m)
    [90m127| [39m      [34mexpect[39m(tags[33m.[39mlength)[33m.[39m[34mtoBe[39m([34m3[39m)
    [90m   | [39m                          [31m^[39m
    [90m128| [39m      [34mexpect[39m(tags[[34m0[39m][33m.[39m[34mtext[39m())[33m.[39m[34mtoB
e[39m([32m'Vue 3'[39m)
    [90m129| [39m      [34mexpect[39m(tags[[34m1[39m][33m.[39m[34mtext[39m())[33m.[39m[34mtoB
e[39m([32m'Composition API'[39m)

[31m[2m⎯⎯⎯⎯⎯⎯⎯⎯⎯⎯⎯⎯⎯⎯⎯⎯⎯⎯⎯⎯⎯⎯[24/58]⎯[22m[39m

[31m[1m[7m FAIL [27m[22m[39m tests/unit/components/blog/BlogDetail.spec.ts[2m > [22mBlogDetail[2m
 > [22m标签点击[2m > [22mshould emit tag click event when tag is clicked
[31m[1mTypeError[22m: Cannot read properties of undefined (reading 'trigger')[39m
[36m [2m❯[22m tests/unit/components/blog/BlogDetail.spec.ts:[2m233:21[22m[39m
    [90m231| [39m
    [90m232| [39m      [35mconst[39m tags [33m=[39m wrapper[33m.[39m[34mfindAll[39m([32m'.blog-
detail__tag'[39m)
    [90m233| [39m      [35mawait[39m tags[[34m0[39m][33m.[39m[34mtrigger[39m([32m'click'[39m)
    [90m   | [39m                    [31m^[39m
    [90m234| [39m
    [90m235| [39m      [90m// 测试标签是否存在和可点击[39m

[31m[2m⎯⎯⎯⎯⎯⎯⎯⎯⎯⎯⎯⎯⎯⎯⎯⎯⎯⎯⎯⎯⎯⎯[25/58]⎯[22m[39m

[31m[1m[7m FAIL [27m[22m[39m tests/unit/components/blog/BlogDetail.spec.ts[2m > [22mBlogDetail[2m
 > [22m标签点击[2m > [22mshould handle keyboard navigation on tags
[31m[1mTypeError[22m: Cannot read properties of undefined (reading 'trigger')[39m
[36m [2m❯[22m tests/unit/components/blog/BlogDetail.spec.ts:[2m249:21[22m[39m
    [90m247| [39m
    [90m248| [39m      [35mconst[39m tags [33m=[39m wrapper[33m.[39m[34mfindAll[39m([32m'.blog-
detail__tag'[39m)
    [90m249| [39m      [35mawait[39m tags[[34m0[39m][33m.[39m[34mtrigger[39m([32m'keydown.enter
'[39m)
    [90m   | [39m                    [31m^[39m
    [90m250| [39m
    [90m251| [39m      [90m// 测试键盘导航是否被处理[39m

[31m[2m⎯⎯⎯⎯⎯⎯⎯⎯⎯⎯⎯⎯⎯⎯⎯⎯⎯⎯⎯⎯⎯⎯[26/58]⎯[22m[39m

[31m[1m[7m FAIL [27m[22m[39m tests/unit/components/blog/CodeBlock.spec.ts[2m > [22mCodeBlock[2m >
 [22m复制功能[2m > [22mshould show copied state after successful copy
[31m[1mAssertionError[22m: expected 'plaintext复制const hello = "world";' to contain '已复制'[39m

- Expected
+ Received

- 已复制
+ plaintext复制const hello = "world";

[36m [2m❯[22m tests/unit/components/blog/CodeBlock.spec.ts:[2m121:30[22m[39m
    [90m119| [39m      [35mawait[39m copyButton[33m.[39m[34mtrigger[39m([32m'click'[39m)
    [90m120| [39m
    [90m121| [39m      [34mexpect[39m(wrapper[33m.[39m[34mtext[39m())[33m.[39m[34mtoContain[39
m([32m'已复制'[39m)
    [90m   | [39m                             [31m^[39m
    [90m122| [39m      [34mexpect[39m(wrapper[33m.[39m[34mfind[39m([32m'.code-block__copy-icon-su
ccess'[39m)[33m.[39m[34mexists[39m())[33m.[39m…
    [90m123| [39m    })

[31m[2m⎯⎯⎯⎯⎯⎯⎯⎯⎯⎯⎯⎯⎯⎯⎯⎯⎯⎯⎯⎯⎯⎯[27/58]⎯[22m[39m

[31m[1m[7m FAIL [27m[22m[39m tests/unit/components/blog/CodeBlock.spec.ts[2m > [22mCodeBlock[2m >
 [22m复制功能[2m > [22mshould reset copied state after 2 seconds
[31m[1mAssertionError[22m: expected 'plaintext复制const hello = "world";' to contain '已复制'[39m

- Expected
+ Received

- 已复制
+ plaintext复制const hello = "world";

[36m [2m❯[22m tests/unit/components/blog/CodeBlock.spec.ts:[2m136:30[22m[39m
    [90m134| [39m      [35mawait[39m copyButton[33m.[39m[34mtrigger[39m([32m'click'[39m)
    [90m135| [39m
    [90m136| [39m      [34mexpect[39m(wrapper[33m.[39m[34mtext[39m())[33m.[39m[34mtoContain[39
m([32m'已复制'[39m)
    [90m   | [39m                             [31m^[39m
    [90m137| [39m
    [90m138| [39m      vi[33m.[39m[34madvanceTimersByTime[39m([34m2000[39m)

[31m[2m⎯⎯⎯⎯⎯⎯⎯⎯⎯⎯⎯⎯⎯⎯⎯⎯⎯⎯⎯⎯⎯⎯[28/58]⎯[22m[39m

[31m[1m[7m FAIL [27m[22m[39m tests/unit/components/blog/CodeBlock.spec.ts[2m > [22mCodeBlock[2m >
 [22m复制功能[2m > [22mshould disable copy button while copied
[31m[1mAssertionError[22m: expected undefined not to be undefined[39m
[36m [2m❯[22m tests/unit/components/blog/CodeBlock.spec.ts:[2m222:49[22m[39m
    [90m220| [39m      [35mawait[39m copyButton[33m.[39m[34mtrigger[39m([32m'click'[39m)
    [90m221| [39m
    [90m222| [39m      [34mexpect[39m(copyButton[33m.[39m[34mattributes[39m([32m'disabled'[39m))
[33m.[39m[34mtoBeDefined[39m()
    [90m   | [39m                                                [31m^[39m
    [90m223| [39m    })
    [90m224| [39m  })

[31m[2m⎯⎯⎯⎯⎯⎯⎯⎯⎯⎯⎯⎯⎯⎯⎯⎯⎯⎯⎯⎯⎯⎯[29/58]⎯[22m[39m

[31m[1m[7m FAIL [27m[22m[39m tests/unit/components/blog/CodeBlock.spec.ts[2m > [22mCodeBlock[2m >
 [22m可访问性[2m > [22mshould update aria-label after successful copy
[31m[1mAssertionError[22m: expected '复制代码' to be '已复制' // Object.is equality[39m

- Expected
+ Received

- 已复制
+ 复制代码

[36m [2m❯[22m tests/unit/components/blog/CodeBlock.spec.ts:[2m249:51[22m[39m
    [90m247| [39m      [35mawait[39m copyButton[33m.[39m[34mtrigger[39m([32m'click'[39m)
    [90m248| [39m
    [90m249| [39m      [34mexpect[39m(copyButton[33m.[39m[34mattributes[39m([32m'aria-label'[39m
))[33m.[39m[34mtoBe[39m([32m'已复制'[39m)
    [90m   | [39m                                                  [31m^[39m
    [90m250| [39m    })
    [90m251| [39m

[31m[2m⎯⎯⎯⎯⎯⎯⎯⎯⎯⎯⎯⎯⎯⎯⎯⎯⎯⎯⎯⎯⎯⎯[30/58]⎯[22m[39m

[31m[1m[7m FAIL [27m[22m[39m tests/unit/components/about/Education.spec.ts[2m > [22mEducation.vue
[2m > [22mshould render education items
[31m[1mAssertionError[22m: expected 1 to be 2 // Object.is equality[39m

- Expected
+ Received

- 2
+ 1

[36m [2m❯[22m tests/unit/components/about/Education.spec.ts:[2m19:26[22m[39m
    [90m 17| [39m    [35mconst[39m wrapper [33m=[39m [34mmount[39m([33mEducation[39m)
    [90m 18| [39m    [35mconst[39m items [33m=[39m wrapper[33m.[39m[34mfindAll[39m([32m'.educat
ion__item'[39m)
    [90m 19| [39m    [34mexpect[39m(items[33m.[39mlength)[33m.[39m[34mtoBe[39m([34m2[39m)
    [90m   | [39m                         [31m^[39m
    [90m 20| [39m  })
    [90m 21| [39m

[31m[2m⎯⎯⎯⎯⎯⎯⎯⎯⎯⎯⎯⎯⎯⎯⎯⎯⎯⎯⎯⎯⎯⎯[31/58]⎯[22m[39m

[31m[1m[7m FAIL [27m[22m[39m tests/unit/components/about/Education.spec.ts[2m > [22mEducation.vue
[2m > [22mshould render school name
[31m[1mAssertionError[22m: expected '湖南工业职业技术学院' to be '某大学' // Object.is equality[39m

- Expected
+ Received

- 某大学
+ 湖南工业职业技术学院

[36m [2m❯[22m tests/unit/components/about/Education.spec.ts:[2m25:62[22m[39m
    [90m 23| [39m    [35mconst[39m wrapper [33m=[39m [34mmount[39m([33mEducation[39m)
    [90m 24| [39m    [35mconst[39m firstItem [33m=[39m wrapper[33m.[39m[34mfind[39m([32m'.educa
tion__item'[39m)
    [90m 25| [39m    [34mexpect[39m(firstItem[33m.[39m[34mfind[39m([32m'.education__school-name'
[39m)[33m.[39m[34mtext[39m())[33m.[39m[34mtoBe[39m([32m'某[39m…
    [90m   | [39m                                                             [31m^[39m
    [90m 26| [39m  })
    [90m 27| [39m

[31m[2m⎯⎯⎯⎯⎯⎯⎯⎯⎯⎯⎯⎯⎯⎯⎯⎯⎯⎯⎯⎯⎯⎯[32/58]⎯[22m[39m

[31m[1m[7m FAIL [27m[22m[39m tests/unit/components/about/Education.spec.ts[2m > [22mEducation.vue
[2m > [22mshould render degree
[31m[1mAssertionError[22m: expected '大专' to be '本科' // Object.is equality[39m

- Expected
+ Received

- 本科
+ 大专

[36m [2m❯[22m tests/unit/components/about/Education.spec.ts:[2m31:62[22m[39m
    [90m 29| [39m    [35mconst[39m wrapper [33m=[39m [34mmount[39m([33mEducation[39m)
    [90m 30| [39m    [35mconst[39m firstItem [33m=[39m wrapper[33m.[39m[34mfind[39m([32m'.educa
tion__item'[39m)
    [90m 31| [39m    [34mexpect[39m(firstItem[33m.[39m[34mfind[39m([32m'.education__degree-text'
[39m)[33m.[39m[34mtext[39m())[33m.[39m[34mtoBe[39m([32m'本[39m…
    [90m   | [39m                                                             [31m^[39m
    [90m 32| [39m  })
    [90m 33| [39m

[31m[2m⎯⎯⎯⎯⎯⎯⎯⎯⎯⎯⎯⎯⎯⎯⎯⎯⎯⎯⎯⎯⎯⎯[33/58]⎯[22m[39m

[31m[1m[7m FAIL [27m[22m[39m tests/unit/components/about/Education.spec.ts[2m > [22mEducation.vue
[2m > [22mshould render major
[31m[1mAssertionError[22m: expected '财务软件' to be '计算机科学与技术' // Object.is equality[39m

- Expected
+ Received

- 计算机科学与技术
+ 财务软件

[36m [2m❯[22m tests/unit/components/about/Education.spec.ts:[2m37:56[22m[39m
    [90m 35| [39m    [35mconst[39m wrapper [33m=[39m [34mmount[39m([33mEducation[39m)
    [90m 36| [39m    [35mconst[39m firstItem [33m=[39m wrapper[33m.[39m[34mfind[39m([32m'.educa
tion__item'[39m)
    [90m 37| [39m    [34mexpect[39m(firstItem[33m.[39m[34mfind[39m([32m'.education__major'[39m)
[33m.[39m[34mtext[39m())[33m.[39m[34mtoBe[39m([32m'计算机科[39m…
    [90m   | [39m                                                       [31m^[39m
    [90m 38| [39m  })
    [90m 39| [39m

[31m[2m⎯⎯⎯⎯⎯⎯⎯⎯⎯⎯⎯⎯⎯⎯⎯⎯⎯⎯⎯⎯⎯⎯[34/58]⎯[22m[39m

[31m[1m[7m FAIL [27m[22m[39m tests/unit/components/about/Education.spec.ts[2m > [22mEducation.vue
[2m > [22mshould render date
[31m[1mAssertionError[22m: expected '2013年9月 - 2016年6月' to contain '2017年6月'[39m

- Expected
+ Received

- 2017年6月
+ 2013年9月 - 2016年6月

[36m [2m❯[22m tests/unit/components/about/Education.spec.ts:[2m45:25[22m[39m
    [90m 43| [39m    [35mconst[39m date [33m=[39m firstItem[33m.[39m[34mfind[39m([32m'.educatio
n__date'[39m)
    [90m 44| [39m    [34mexpect[39m(date[33m.[39m[34mtext[39m())[33m.[39m[34mtoContain[39m([3
2m'2013年9月'[39m)
    [90m 45| [39m    [34mexpect[39m(date[33m.[39m[34mtext[39m())[33m.[39m[34mtoContain[39m([3
2m'2017年6月'[39m)
    [90m   | [39m                        [31m^[39m
    [90m 46| [39m  })
    [90m 47| [39m

[31m[2m⎯⎯⎯⎯⎯⎯⎯⎯⎯⎯⎯⎯⎯⎯⎯⎯⎯⎯⎯⎯⎯⎯[35/58]⎯[22m[39m

[31m[1m[7m FAIL [27m[22m[39m tests/unit/components/about/Education.spec.ts[2m > [22mEducation.vue
[2m > [22mshould render description
[31m[1mAssertionError[22m: expected '系统学习财务软件专业知识和计算机基础技能，获得大专学历。' to contain '系统学习计算机基础知识'[39m

- Expected
+ Received

- 系统学习计算机基础知识
+ 系统学习财务软件专业知识和计算机基础技能，获得大专学历。

[36m [2m❯[22m tests/unit/components/about/Education.spec.ts:[2m51:62[22m[39m
    [90m 49| [39m    [35mconst[39m wrapper [33m=[39m [34mmount[39m([33mEducation[39m)
    [90m 50| [39m    [35mconst[39m firstItem [33m=[39m wrapper[33m.[39m[34mfind[39m([32m'.educa
tion__item'[39m)
    [90m 51| [39m    [34mexpect[39m(firstItem[33m.[39m[34mfind[39m([32m'.education__description'
[39m)[33m.[39m[34mtext[39m())[33m.[39m[34mtoContain[39m…
    [90m   | [39m                                                             [31m^[39m
    [90m 52| [39m  })
    [90m 53| [39m

[31m[2m⎯⎯⎯⎯⎯⎯⎯⎯⎯⎯⎯⎯⎯⎯⎯⎯⎯⎯⎯⎯⎯⎯[36/58]⎯[22m[39m

[31m[1m[7m FAIL [27m[22m[39m tests/unit/components/about/Education.spec.ts[2m > [22mEducation.vue
[2m > [22mshould render gpa
[31m[1mAssertionError[22m: expected false to be true // Object.is equality[39m

- Expected
+ Received

- true
+ false

[36m [2m❯[22m tests/unit/components/about/Education.spec.ts:[2m58:26[22m[39m
    [90m 56| [39m    [35mconst[39m firstItem [33m=[39m wrapper[33m.[39m[34mfind[39m([32m'.educa
tion__item'[39m)
    [90m 57| [39m    [35mconst[39m gpa [33m=[39m firstItem[33m.[39m[34mfind[39m([32m'.education
__gpa'[39m)
    [90m 58| [39m    [34mexpect[39m(gpa[33m.[39m[34mexists[39m())[33m.[39m[34mtoBe[39m([35mtr
ue[39m)
    [90m   | [39m                         [31m^[39m
    [90m 59| [39m    [34mexpect[39m(gpa[33m.[39m[34mtext[39m())[33m.[39m[34mtoContain[39m([32
m'3.8/4.0'[39m)
    [90m 60| [39m  })

[31m[2m⎯⎯⎯⎯⎯⎯⎯⎯⎯⎯⎯⎯⎯⎯⎯⎯⎯⎯⎯⎯⎯⎯[37/58]⎯[22m[39m

[31m[1m[7m FAIL [27m[22m[39m tests/unit/components/about/Education.spec.ts[2m > [22mEducation.vue
[2m > [22mshould render achievements list
[31m[1mAssertionError[22m: expected '顺利完成学业，获得大专学历' to contain '获得校级奖学金'[39m

- Expected
+ Received

- 获得校级奖学金
+ 顺利完成学业，获得大专学历

[36m [2m❯[22m tests/unit/components/about/Education.spec.ts:[2m81:36[22m[39m
    [90m 79| [39m    [35mconst[39m achievements [33m=[39m firstItem[33m.[39m[34mfindAll[39m([32
m'.education__list-items li'[39m)
    [90m 80| [39m    [34mexpect[39m(achievements[33m.[39mlength)[33m.[39m[34mtoBeGreaterThan[39m
([34m0[39m)
    [90m 81| [39m    [34mexpect[39m(achievements[[34m0[39m][33m.[39m[34mtext[39m())[33m.[39m[
34mtoContain[39m([32m'获得校级奖学金'[39m)
    [90m   | [39m                                   [31m^[39m
    [90m 82| [39m  })
    [90m 83| [39m

[31m[2m⎯⎯⎯⎯⎯⎯⎯⎯⎯⎯⎯⎯⎯⎯⎯⎯⎯⎯⎯⎯⎯⎯[38/58]⎯[22m[39m

[31m[1m[7m FAIL [27m[22m[39m tests/unit/components/about/Education.spec.ts[2m > [22mEducation.vue
[2m > [22mshould format date correctly
[31m[1mAssertionError[22m: expected '2013年9月 - 2016年6月' to be '2013年9月 - 2017年6月' // Object.is equality
[39m

- Expected
+ Received

- 2013年9月 - 2017年6月
+ 2013年9月 - 2016年6月

[36m [2m❯[22m tests/unit/components/about/Education.spec.ts:[2m88:25[22m[39m
    [90m 86| [39m    [35mconst[39m firstItem [33m=[39m wrapper[33m.[39m[34mfind[39m([32m'.educa
tion__item'[39m)
    [90m 87| [39m    [35mconst[39m date [33m=[39m firstItem[33m.[39m[34mfind[39m([32m'.educatio
n__date'[39m)
    [90m 88| [39m    [34mexpect[39m(date[33m.[39m[34mtext[39m())[33m.[39m[34mtoBe[39m([32m'20
13年9月 - 2017年6月'[39m)
    [90m   | [39m                        [31m^[39m
    [90m 89| [39m  })
    [90m 90| [39m})

[31m[2m⎯⎯⎯⎯⎯⎯⎯⎯⎯⎯⎯⎯⎯⎯⎯⎯⎯⎯⎯⎯⎯⎯[39/58]⎯[22m[39m

[31m[1m[7m FAIL [27m[22m[39m tests/unit/components/about/Skills.spec.ts[2m > [22mSkills.vue[2m > 
[22mshould render the component
[31m[1mAssertionError[22m: expected false to be true // Object.is equality[39m

- Expected
+ Received

- true
+ false

[36m [2m❯[22m tests/unit/components/about/Skills.spec.ts:[2m8:46[22m[39m
    [90m  6| [39m  [34mit[39m([32m'should render the component'[39m[33m,[39m () [33m=>[39m {
    [90m  7| [39m    [35mconst[39m wrapper [33m=[39m [34mmount[39m([33mSkills[39m)
    [90m  8| [39m    [34mexpect[39m(wrapper[33m.[39m[34mfind[39m([32m'.skills'[39m)[33m.[39m[
34mexists[39m())[33m.[39m[34mtoBe[39m([35mtrue[39m)
    [90m   | [39m                                             [31m^[39m
    [90m  9| [39m  })
    [90m 10| [39m

[31m[2m⎯⎯⎯⎯⎯⎯⎯⎯⎯⎯⎯⎯⎯⎯⎯⎯⎯⎯⎯⎯⎯⎯[40/58]⎯[22m[39m

[31m[1m[7m FAIL [27m[22m[39m tests/unit/components/about/Skills.spec.ts[2m > [22mSkills.vue[2m > 
[22mshould render title
[31m[1mError[22m: Cannot call text on an empty DOMWrapper.[39m
[36m [2m❯[22m Object.get node_modules/@vue/test-utils/dist/vue-test-utils.cjs.js:[2m1574:27[22m[39m
    [90m1572| [39m                    return function () { return false; };
    [90m1573| [39m                default:
    [90m1574| [39m                    throw new Error("Cannot call ".concat(String(prop)…
    [90m   | [39m                          [31m^[39m
    [90m1575| [39m            }
    [90m1576| [39m        }
[90m [2m❯[22m tests/unit/components/about/Skills.spec.ts:[2m13:41[22m[39m

[31m[2m⎯⎯⎯⎯⎯⎯⎯⎯⎯⎯⎯⎯⎯⎯⎯⎯⎯⎯⎯⎯⎯⎯[41/58]⎯[22m[39m

[31m[1m[7m FAIL [27m[22m[39m tests/unit/components/about/Skills.spec.ts[2m > [22mSkills.vue[2m > 
[22mshould render skill categories
[31m[1mAssertionError[22m: expected 0 to be greater than 0[39m
[36m [2m❯[22m tests/unit/components/about/Skills.spec.ts:[2m19:31[22m[39m
    [90m 17| [39m    [35mconst[39m wrapper [33m=[39m [34mmount[39m([33mSkills[39m)
    [90m 18| [39m    [35mconst[39m categories [33m=[39m wrapper[33m.[39m[34mfindAll[39m([32m'.s
kills__category'[39m)
    [90m 19| [39m    [34mexpect[39m(categories[33m.[39mlength)[33m.[39m[34mtoBeGreaterThan[39m(
[34m0[39m)
    [90m   | [39m                              [31m^[39m
    [90m 20| [39m  })
    [90m 21| [39m

[31m[2m⎯⎯⎯⎯⎯⎯⎯⎯⎯⎯⎯⎯⎯⎯⎯⎯⎯⎯⎯⎯⎯⎯[42/58]⎯[22m[39m

[31m[1m[7m FAIL [27m[22m[39m tests/unit/components/about/Skills.spec.ts[2m > [22mSkills.vue[2m > 
[22mshould render skill items
[31m[1mAssertionError[22m: expected +0 to be 10 // Object.is equality[39m

- Expected
+ Received

- 10
+ 0

[36m [2m❯[22m tests/unit/components/about/Skills.spec.ts:[2m25:26[22m[39m
    [90m 23| [39m    [35mconst[39m wrapper [33m=[39m [34mmount[39m([33mSkills[39m)
    [90m 24| [39m    [35mconst[39m items [33m=[39m wrapper[33m.[39m[34mfindAll[39m([32m'.skills
__item'[39m)
    [90m 25| [39m    [34mexpect[39m(items[33m.[39mlength)[33m.[39m[34mtoBe[39m([34m10[39m)
    [90m   | [39m                         [31m^[39m
    [90m 26| [39m  })
    [90m 27| [39m

[31m[2m⎯⎯⎯⎯⎯⎯⎯⎯⎯⎯⎯⎯⎯⎯⎯⎯⎯⎯⎯⎯⎯⎯[43/58]⎯[22m[39m

[31m[1m[7m FAIL [27m[22m[39m tests/unit/components/about/Skills.spec.ts[2m > [22mSkills.vue[2m > 
[22mshould render skill name
[31m[1mError[22m: Cannot call find on an empty DOMWrapper.[39m
[36m [2m❯[22m Object.get node_modules/@vue/test-utils/dist/vue-test-utils.cjs.js:[2m1574:27[22m[39m
    [90m1572| [39m                    return function () { return false; };
    [90m1573| [39m                default:
    [90m1574| [39m                    throw new Error("Cannot call ".concat(String(prop)…
    [90m   | [39m                          [31m^[39m
    [90m1575| [39m            }
    [90m1576| [39m        }
[90m [2m❯[22m tests/unit/components/about/Skills.spec.ts:[2m31:22[22m[39m

[31m[2m⎯⎯⎯⎯⎯⎯⎯⎯⎯⎯⎯⎯⎯⎯⎯⎯⎯⎯⎯⎯⎯⎯[44/58]⎯[22m[39m

[31m[1m[7m FAIL [27m[22m[39m tests/unit/components/about/Skills.spec.ts[2m > [22mSkills.vue[2m > 
[22mshould render skill level badge
[31m[1mError[22m: Cannot call find on an empty DOMWrapper.[39m
[36m [2m❯[22m Object.get node_modules/@vue/test-utils/dist/vue-test-utils.cjs.js:[2m1574:27[22m[39m
    [90m1572| [39m                    return function () { return false; };
    [90m1573| [39m                default:
    [90m1574| [39m                    throw new Error("Cannot call ".concat(String(prop)…
    [90m   | [39m                          [31m^[39m
    [90m1575| [39m            }
    [90m1576| [39m        }
[90m [2m❯[22m tests/unit/components/about/Skills.spec.ts:[2m37:29[22m[39m

[31m[2m⎯⎯⎯⎯⎯⎯⎯⎯⎯⎯⎯⎯⎯⎯⎯⎯⎯⎯⎯⎯⎯⎯[45/58]⎯[22m[39m

[31m[1m[7m FAIL [27m[22m[39m tests/unit/components/about/Skills.spec.ts[2m > [22mSkills.vue[2m > 
[22mshould render skill progress bar
[31m[1mError[22m: Cannot call find on an empty DOMWrapper.[39m
[36m [2m❯[22m Object.get node_modules/@vue/test-utils/dist/vue-test-utils.cjs.js:[2m1574:27[22m[39m
    [90m1572| [39m                    return function () { return false; };
    [90m1573| [39m                default:
    [90m1574| [39m                    throw new Error("Cannot call ".concat(String(prop)…
    [90m   | [39m                          [31m^[39m
    [90m1575| [39m            }
    [90m1576| [39m        }
[90m [2m❯[22m tests/unit/components/about/Skills.spec.ts:[2m45:35[22m[39m

[31m[2m⎯⎯⎯⎯⎯⎯⎯⎯⎯⎯⎯⎯⎯⎯⎯⎯⎯⎯⎯⎯⎯⎯[46/58]⎯[22m[39m

[31m[1m[7m FAIL [27m[22m[39m tests/unit/components/about/Skills.spec.ts[2m > [22mSkills.vue[2m > 
[22mshould render skill level text
[31m[1mError[22m: Cannot call find on an empty DOMWrapper.[39m
[36m [2m❯[22m Object.get node_modules/@vue/test-utils/dist/vue-test-utils.cjs.js:[2m1574:27[22m[39m
    [90m1572| [39m                    return function () { return false; };
    [90m1573| [39m                default:
    [90m1574| [39m                    throw new Error("Cannot call ".concat(String(prop)…
    [90m   | [39m                          [31m^[39m
    [90m1575| [39m            }
    [90m1576| [39m        }
[90m [2m❯[22m tests/unit/components/about/Skills.spec.ts:[2m54:33[22m[39m

[31m[2m⎯⎯⎯⎯⎯⎯⎯⎯⎯⎯⎯⎯⎯⎯⎯⎯⎯⎯⎯⎯⎯⎯[47/58]⎯[22m[39m

[31m[1m[7m FAIL [27m[22m[39m tests/unit/components/about/Skills.spec.ts[2m > [22mSkills.vue[2m > 
[22mshould render skill description
[31m[1mError[22m: Cannot call find on an empty DOMWrapper.[39m
[36m [2m❯[22m Object.get node_modules/@vue/test-utils/dist/vue-test-utils.cjs.js:[2m1574:27[22m[39m
    [90m1572| [39m                    return function () { return false; };
    [90m1573| [39m                default:
    [90m1574| [39m                    throw new Error("Cannot call ".concat(String(prop)…
    [90m   | [39m                          [31m^[39m
    [90m1575| [39m            }
    [90m1576| [39m        }
[90m [2m❯[22m tests/unit/components/about/Skills.spec.ts:[2m61:22[22m[39m

[31m[2m⎯⎯⎯⎯⎯⎯⎯⎯⎯⎯⎯⎯⎯⎯⎯⎯⎯⎯⎯⎯⎯⎯[48/58]⎯[22m[39m

[31m[1m[7m FAIL [27m[22m[39m tests/unit/components/about/Skills.spec.ts[2m > [22mSkills.vue[2m > 
[22mshould render years of experience
[31m[1mError[22m: Cannot call find on an empty DOMWrapper.[39m
[36m [2m❯[22m Object.get node_modules/@vue/test-utils/dist/vue-test-utils.cjs.js:[2m1574:27[22m[39m
    [90m1572| [39m                    return function () { return false; };
    [90m1573| [39m                default:
    [90m1574| [39m                    throw new Error("Cannot call ".concat(String(prop)…
    [90m   | [39m                          [31m^[39m
    [90m1575| [39m            }
    [90m1576| [39m        }
[90m [2m❯[22m tests/unit/components/about/Skills.spec.ts:[2m67:34[22m[39m

[31m[2m⎯⎯⎯⎯⎯⎯⎯⎯⎯⎯⎯⎯⎯⎯⎯⎯⎯⎯⎯⎯⎯⎯[49/58]⎯[22m[39m

[31m[1m[7m FAIL [27m[22m[39m tests/unit/components/about/Skills.spec.ts[2m > [22mSkills.vue[2m > 
[22mshould render related projects
[31m[1mError[22m: Cannot call find on an empty DOMWrapper.[39m
[36m [2m❯[22m Object.get node_modules/@vue/test-utils/dist/vue-test-utils.cjs.js:[2m1574:27[22m[39m
    [90m1572| [39m                    return function () { return false; };
    [90m1573| [39m                default:
    [90m1574| [39m                    throw new Error("Cannot call ".concat(String(prop)…
    [90m   | [39m                          [31m^[39m
    [90m1575| [39m            }
    [90m1576| [39m        }
[90m [2m❯[22m tests/unit/components/about/Skills.spec.ts:[2m75:32[22m[39m

[31m[2m⎯⎯⎯⎯⎯⎯⎯⎯⎯⎯⎯⎯⎯⎯⎯⎯⎯⎯⎯⎯⎯⎯[50/58]⎯[22m[39m

[31m[1m[7m FAIL [27m[22m[39m tests/unit/components/about/Skills.spec.ts[2m > [22mSkills.vue[2m > 
[22mshould group skills by category
[31m[1mAssertionError[22m: expected 0 to be greater than 0[39m
[36m [2m❯[22m tests/unit/components/about/Skills.spec.ts:[2m85:31[22m[39m
    [90m 83| [39m    [35mconst[39m wrapper [33m=[39m [34mmount[39m([33mSkills[39m)
    [90m 84| [39m    [35mconst[39m categories [33m=[39m wrapper[33m.[39m[34mfindAll[39m([32m'.s
kills__category-title'[39m)
    [90m 85| [39m    [34mexpect[39m(categories[33m.[39mlength)[33m.[39m[34mtoBeGreaterThan[39m(
[34m0[39m)
    [90m   | [39m                              [31m^[39m
    [90m 86| [39m    [34mexpect[39m(categories[[34m0[39m][33m.[39m[34mtext[39m())[33m.[39m[34
mtoBe[39m([32m'前端框架'[39m)
    [90m 87| [39m  })

[31m[2m⎯⎯⎯⎯⎯⎯⎯⎯⎯⎯⎯⎯⎯⎯⎯⎯⎯⎯⎯⎯⎯⎯[51/58]⎯[22m[39m

[31m[1m[7m FAIL [27m[22m[39m tests/unit/components/about/Skills.spec.ts[2m > [22mSkills.vue[2m > 
[22mshould color code skill levels
[31m[1mError[22m: Cannot call find on an empty DOMWrapper.[39m
[36m [2m❯[22m Object.get node_modules/@vue/test-utils/dist/vue-test-utils.cjs.js:[2m1574:27[22m[39m
    [90m1572| [39m                    return function () { return false; };
    [90m1573| [39m                default:
    [90m1574| [39m                    throw new Error("Cannot call ".concat(String(prop)…
    [90m   | [39m                          [31m^[39m
    [90m1575| [39m            }
    [90m1576| [39m        }
[90m [2m❯[22m tests/unit/components/about/Skills.spec.ts:[2m92:29[22m[39m

[31m[2m⎯⎯⎯⎯⎯⎯⎯⎯⎯⎯⎯⎯⎯⎯⎯⎯⎯⎯⎯⎯⎯⎯[52/58]⎯[22m[39m

[2m Test Files [22m [1m[31m10 failed[39m[22m[2m | [22m[1m[32m24 passed[39m[22m[90m (34)[39m
[2m      Tests [22m [1m[31m58 failed[39m[22m[2m | [22m[1m[32m472 passed[39m[22m[90m (530)[39m
[2m   Start at [22m 11:17:35
[2m   Duration [22m 15.47s[2m (transform 4.34s, setup 1ms, collect 15.97s, tests 25.19s, environment 23.95s, prepare 11.69s)[22m

[31m[1m[7m FAIL [27m[22m[39m tests/unit/components/projects/ProjectCard.spec.ts[2m > [22mProjectCa
rd[2m > [22m渲染[2m > [22mshould render tech stack tags
[31m[1mAssertionError[22m: expected +0 to be 3 // Object.is equality[39m

- Expected
+ Received

- 3
+ 0

[36m [2m❯[22m tests/unit/components/projects/ProjectCard.spec.ts:[2m67:27[22m[39m
    [90m 65| [39m
    [90m 66| [39m      [35mconst[39m tags [33m=[39m wrapper[33m.[39m[34mfindAll[39m([32m'.proje
ct-card__tech-tag'[39m)
    [90m 67| [39m      [34mexpect[39m(tags[33m.[39mlength)[33m.[39m[34mtoBe[39m(mockProject[33m
.[39mtechStack[33m.[39mlength)
    [90m   | [39m                          [31m^[39m
    [90m 68| [39m      [34mexpect[39m(tags[[34m0[39m][33m.[39m[34mtext[39m())[33m.[39m[34mtoB
e[39m([32m'Vue'[39m)
    [90m 69| [39m      [34mexpect[39m(tags[[34m1[39m][33m.[39m[34mtext[39m())[33m.[39m[34mtoB
e[39m([32m'TypeScript'[39m)

[31m[2m⎯⎯⎯⎯⎯⎯⎯⎯⎯⎯⎯⎯⎯⎯⎯⎯⎯⎯⎯⎯⎯⎯[53/58]⎯[22m[39m

[31m[1m[7m FAIL [27m[22m[39m tests/unit/components/projects/ProjectCard.spec.ts[2m > [22mProjectCa
rd[2m > [22m渲染[2m > [22mshould render demo link when demoUrl is provided
[31m[1mAssertionError[22m: expected +0 to be 2 // Object.is equality[39m

- Expected
+ Received

- 2
+ 0

[36m [2m❯[22m tests/unit/components/projects/ProjectCard.spec.ts:[2m97:28[22m[39m
    [90m 95| [39m
    [90m 96| [39m      [35mconst[39m links [33m=[39m wrapper[33m.[39m[34mfindAll[39m([32m'.proj
ect-card__link'[39m)
    [90m 97| [39m      [34mexpect[39m(links[33m.[39mlength)[33m.[39m[34mtoBe[39m([34m2[39m)
    [90m   | [39m                           [31m^[39m
    [90m 98| [39m      [34mexpect[39m(links[[34m0[39m][33m.[39m[34mtext[39m())[33m.[39m[34mto
Be[39m([32m'演示'[39m)
    [90m 99| [39m      [34mexpect[39m(links[[34m0[39m][33m.[39m[34mattributes[39m([32m'href'[3
9m))[33m.[39m[34mtoBe[39m(mockProject[33m.[39mdemoUrl)

[31m[2m⎯⎯⎯⎯⎯⎯⎯⎯⎯⎯⎯⎯⎯⎯⎯⎯⎯⎯⎯⎯⎯⎯[54/58]⎯[22m[39m

[31m[1m[7m FAIL [27m[22m[39m tests/unit/components/projects/ProjectCard.spec.ts[2m > [22mProjectCa
rd[2m > [22m渲染[2m > [22mshould render github link when githubUrl is provided
[31m[1mAssertionError[22m: expected +0 to be 2 // Object.is equality[39m

- Expected
+ Received

- 2
+ 0

[36m [2m❯[22m tests/unit/components/projects/ProjectCard.spec.ts:[2m108:28[22m[39m
    [90m106| [39m
    [90m107| [39m      [35mconst[39m links [33m=[39m wrapper[33m.[39m[34mfindAll[39m([32m'.proj
ect-card__link'[39m)
    [90m108| [39m      [34mexpect[39m(links[33m.[39mlength)[33m.[39m[34mtoBe[39m([34m2[39m)
    [90m   | [39m                           [31m^[39m
    [90m109| [39m      [34mexpect[39m(links[[34m1[39m][33m.[39m[34mtext[39m())[33m.[39m[34mto
Be[39m([32m'源码'[39m)
    [90m110| [39m      [34mexpect[39m(links[[34m1[39m][33m.[39m[34mattributes[39m([32m'href'[3
9m))[33m.[39m[34mtoBe[39m(mockProject[33m.[39mgithubUrl)

[31m[2m⎯⎯⎯⎯⎯⎯⎯⎯⎯⎯⎯⎯⎯⎯⎯⎯⎯⎯⎯⎯⎯⎯[55/58]⎯[22m[39m

[31m[1m[7m FAIL [27m[22m[39m tests/unit/components/projects/ProjectCard.spec.ts[2m > [22mProjectCa
rd[2m > [22m交互[2m > [22mshould not emit click event when link is clicked
[31m[1mError[22m: Cannot call trigger on an empty DOMWrapper.[39m
[36m [2m❯[22m Object.get node_modules/@vue/test-utils/dist/vue-test-utils.cjs.js:[2m1574:27[22m[39m
    [90m1572| [39m                    return function () { return false; };
    [90m1573| [39m                default:
    [90m1574| [39m                    throw new Error("Cannot call ".concat(String(prop)…
    [90m   | [39m                          [31m^[39m
    [90m1575| [39m            }
    [90m1576| [39m        }
[90m [2m❯[22m tests/unit/components/projects/ProjectCard.spec.ts:[2m144:47[22m[39m

[31m[2m⎯⎯⎯⎯⎯⎯⎯⎯⎯⎯⎯⎯⎯⎯⎯⎯⎯⎯⎯⎯⎯⎯[56/58]⎯[22m[39m

[31m[1m[7m FAIL [27m[22m[39m tests/unit/components/projects/ProjectCard.spec.ts[2m > [22mProjectCa
rd[2m > [22m边界情况[2m > [22mshould handle project with single tech stack
[31m[1mAssertionError[22m: expected +0 to be 1 // Object.is equality[39m

- Expected
+ Received

- 1
+ 0

[36m [2m❯[22m tests/unit/components/projects/ProjectCard.spec.ts:[2m172:27[22m[39m
    [90m170| [39m
    [90m171| [39m      [35mconst[39m tags [33m=[39m wrapper[33m.[39m[34mfindAll[39m([32m'.proje
ct-card__tech-tag'[39m)
    [90m172| [39m      [34mexpect[39m(tags[33m.[39mlength)[33m.[39m[34mtoBe[39m([34m1[39m)
    [90m   | [39m                          [31m^[39m
    [90m173| [39m      [34mexpect[39m(tags[[34m0[39m][33m.[39m[34mtext[39m())[33m.[39m[34mtoB
e[39m([32m'Vue'[39m)
    [90m174| [39m    })

[31m[2m⎯⎯⎯⎯⎯⎯⎯⎯⎯⎯⎯⎯⎯⎯⎯⎯⎯⎯⎯⎯⎯⎯[57/58]⎯[22m[39m

[31m[1m[7m FAIL [27m[22m[39m tests/unit/components/projects/TechStackFilter.spec.ts[2m > [22mTechS
tackFilter[2m > [22m状态[2m > [22mshould highlight active category button
[31m[1mAssertionError[22m: the given combination of arguments (undefined and string) is invalid for thi
s assertion. You can use an array, a map, an object, a set, a string, or a weakset instead of a string[39
m
[36m [2m❯[22m tests/unit/components/projects/TechStackFilter.spec.ts:[2m118:36[22m[39m
    [90m116| [39m
    [90m117| [39m      [35mconst[39m activeBtn [33m=[39m categoryBtns[33m.[39m[34mfind[39m(btn 
[33m=>[39m btn[33m.[39m[34mtext[39m() [33m===[39m [32m'个人[39m…
    [90m118| [39m      [34mexpect[39m(activeBtn[33m?.[39m[34mclasses[39m())[33m.[39m[34mtoConta
in[39m([32m'tech-stack-filter__categ[39m…
    [90m   | [39m                                   [31m^[39m
    [90m119| [39m    })
    [90m120| [39m

[31m[2m⎯⎯⎯⎯⎯⎯⎯⎯⎯⎯⎯⎯⎯⎯⎯⎯⎯⎯⎯⎯⎯⎯[58/58]⎯[22m[39m

